[repack] proto=1 pc=9 skip existing FR2 slice for CAT+FNEW callback call base=3 old=[4,6] new=[5,7]
[repack] proto=1 pc=9 skip existing FR2 slice for CAT+FNEW callback call base=3 old=[4,6] new=[5,7]
[repack] proto=1 pc=9 call-selfdef helper enter consumer=CALL producer=CAT self=FNEW producer_b=5 consumer_span=4 producer_c=7
[repack] proto=1 pc=9 call-method-basecopy helper enter consumer=CALL producer=FNEW producer_b=0 consumer_span=4 producer_c=4
[repack] proto=1 pc=9 call-chain helper enter consumer=CALL producer=FNEW producer_b=0 consumer_span=4 producer_c=4
[repack] proto=1 pc=9 copy-fallback keep legacy-overlap reason=target-touch-fail old=[4,6] new=[5,7] base=3 nargs=3 b=1
[repack] proto=1 pc=9 copy-fallback reason=target-touch-fail insert_pc=9 count=3 range=[4,6]->[5,7] deferred=0
[rebuild] proto=1 insert_pc=9 old_proto_total=121 new_proto_total=134 old_payload=120 new_payload=132 debug_drop=43
[repack] proto=1 pc=12 accept existing FR2 slice [5,7]
[repack] proto=2 pc=3 reject existing FR2 slice: new-first writer matches old-second old=4(pc=1,MOV) old2=5(pc=2,KSTR) new=5(pc=2,KSTR)
[repack] slice fail pc=37 unresolved reg=18 range=[17,18]
[repack] simple-local pick pc=36 op=MOV def=17 range=[17,18]
[repack] simple-local missing reg=18 range=[17,18]
[repack] slice fail pc=59 interference-at=46 op=CALL reg=19 range=[18,19]
[repack] simple-local pick pc=58 op=MOV def=18 range=[18,19]
[repack] simple-local pick pc=44 op=MOV def=19 range=[18,19]
[repack] proto=2 pc=59 accept existing FR2 slice [18,19]
[repack] slice fail pc=72 interference-at=46 op=CALL reg=19 range=[18,19]
[repack] simple-local pick pc=71 op=MOV def=18 range=[18,19]
[repack] simple-local pick pc=44 op=MOV def=19 range=[18,19]
[repack] proto=2 pc=72 accept existing FR2 slice [18,19]
[repack] slice fail pc=84 interference-at=46 op=CALL reg=19 range=[18,19]
[repack] simple-local pick pc=83 op=SUBVN def=18 range=[18,19]
[repack] simple-local pick pc=44 op=MOV def=19 range=[18,19]
[repack] proto=2 pc=84 accept existing FR2 slice [18,19]
[repack] slice fail pc=96 interference-at=46 op=CALL reg=19 range=[18,19]
[repack] simple-local pick pc=95 op=ADDVN def=18 range=[18,19]
[repack] simple-local pick pc=44 op=MOV def=19 range=[18,19]
[repack] proto=2 pc=96 accept existing FR2 slice [18,19]
[repack] slice fail pc=118 interference-at=117 op=TSETB reg=10 range=[9,10]
[repack] readonly slice retry fail pc=118 target-at=109 range=[9,10]
[repack] simple-local pick pc=113 op=TGETV def=10 range=[9,10]
[repack] simple-local pick pc=23 op=SUBVN def=9 range=[9,10]
[repack] slice fail pc=118 interference-at=117 op=TSETB reg=10 range=[10,11]
[repack] simple-local pick pc=116 op=TGETB def=11 range=[10,11]
[repack] simple-local pick pc=113 op=TGETV def=10 range=[10,11]
[repack] proto=2 pc=118 accept existing FR2 slice [10,11]
[repack] proto=3 pc=3 reject existing FR2 slice: first-arg seed old=2(pc=1,TGETS) new=3(pc=2,KSTR)
[repack] slice fail pc=13 unresolved reg=6 range=[5,6]
[repack] simple-local pick pc=12 op=MOV def=5 range=[5,6]
[repack] simple-local missing reg=6 range=[5,6]
[repack] proto=3 pc=23 reject existing FR2 slice: new-first writer matches old-second old=5(pc=21,MOV) old2=6(pc=22,KSTR) new=6(pc=22,KSTR)
[repack] proto=4 pc=3 reject existing FR2 slice: first-arg seed old=2(pc=1,TGETS) new=3(pc=2,KSTR)
[repack] slice fail pc=13 unresolved reg=6 range=[5,6]
[repack] simple-local pick pc=12 op=MOV def=5 range=[5,6]
[repack] simple-local missing reg=6 range=[5,6]
[repack] proto=4 pc=23 reject existing FR2 slice: new-first writer matches old-second old=5(pc=21,MOV) old2=6(pc=22,KSTR) new=6(pc=22,KSTR)
[repack] proto=6 pc=7 reject existing FR2 slice: new-first writer matches old-second old=2(pc=4,MOV) old2=3(pc=6,KSTR) new=3(pc=6,KSTR)
[repack] proto=8 pc=3 reject existing FR2 slice: first-arg seed old=2(pc=1,TGETS) new=3(pc=2,KSTR)
[repack] slice fail pc=13 unresolved reg=6 range=[5,6]
[repack] simple-local pick pc=12 op=MOV def=5 range=[5,6]
[repack] simple-local missing reg=6 range=[5,6]
[repack] proto=8 pc=23 reject existing FR2 slice: new-first writer matches old-second old=5(pc=21,MOV) old2=6(pc=22,KSTR) new=6(pc=22,KSTR)
[repack] slice fail pc=10 unresolved reg=7 range=[6,7]
[repack] simple-local pick pc=9 op=MOV def=6 range=[6,7]
[repack] simple-local missing reg=7 range=[6,7]
[repack] slice fail pc=26 unresolved reg=12 range=[11,12]
[repack] simple-local pick pc=25 op=MOV def=11 range=[11,12]
[repack] simple-local missing reg=12 range=[11,12]
[repack] proto=10 pc=3 reject existing FR2 slice: two-arg low-src MOV chain new-first aliases old-second old=5(pc=1,MOV src=0) old2=6(pc=2,MOV src=1) new=6(pc=2,MOV src=1)
[repack] slice fail pc=37 unresolved reg=15 range=[12,15]
[repack] simple-local pick pc=36 op=TGETB def=14 range=[12,15]
[repack] simple-local pick pc=35 op=TGETB def=13 range=[12,15]
[repack] simple-local pick pc=34 op=MOV def=12 range=[12,15]
[repack] simple-local missing reg=15 range=[12,15]
[repack] slice fail pc=44 target-at=39 range=[12,15]
[repack] simple-local pick pc=43 op=MOV def=14 range=[12,15]
[repack] simple-local pick pc=42 op=MOV def=13 range=[12,15]
[repack] simple-local pick pc=41 op=MOV def=12 range=[12,15]
[repack] simple-local pick pc=36 op=TGETB def=15 range=[12,15]
[repack] proto=11 pc=44 accept existing FR2 slice [12,15]
[repack] proto=11 pc=52 reject existing FR2 slice: two-arg low-src MOV chain new-first aliases old-second old=8(pc=49,MOV src=0) old2=9(pc=51,MOV src=3) new=9(pc=51,MOV src=3)
[repack] slice fail pc=13 unresolved reg=9 range=[8,9]
[repack] simple-local pick pc=12 op=MOV def=8 range=[8,9]
[repack] simple-local missing reg=9 range=[8,9]
[repack] proto=12 pc=23 reject existing FR2 slice: new-first writer matches old-second old=8(pc=21,MOV) old2=9(pc=22,KSTR) new=9(pc=22,KSTR)
[repack] proto=12 pc=38 reject existing FR2 slice: new-first writer matches old-second old=8(pc=35,MOV) old2=9(pc=37,KSTR) new=9(pc=37,KSTR)
[repack] proto=12 pc=46 reject existing FR2 slice: first-arg seed old=9(pc=44,TGETV) new=10(pc=45,KPRI)
[repack] slice fail pc=46 interference-at=43 op=CALL reg=9 range=[9,10]
[repack] readonly slice retry fail pc=46 write-at=43 op=CALL reg=9 range=[9,10]
[repack] simple-local pick pc=45 op=KPRI def=10 range=[9,10]
[repack] simple-local pick pc=44 op=TGETV def=9 range=[9,10]
[repack] proto=12 pc=51 reject existing FR2 slice: two-arg low-src MOV chain new-first aliases old-second old=7(pc=48,MOV src=0) old2=8(pc=50,MOV src=3) new=8(pc=50,MOV src=3)
[repack] slice fail pc=9 unresolved reg=8 range=[7,8]
[repack] simple-local pick pc=8 op=MOV def=7 range=[7,8]
[repack] simple-local missing reg=8 range=[7,8]
[repack] proto=13 pc=19 reject existing FR2 slice: new-first writer matches old-second old=7(pc=17,MOV) old2=8(pc=18,KSTR) new=8(pc=18,KSTR)
[repack] slice fail pc=66 unresolved reg=14 range=[11,14]
[repack] simple-local pick pc=65 op=TGETB def=13 range=[11,14]
[repack] simple-local pick pc=64 op=TGETB def=12 range=[11,14]
[repack] simple-local pick pc=63 op=MOV def=11 range=[11,14]
[repack] simple-local missing reg=14 range=[11,14]
[repack] proto=13 pc=78 reject existing FR2 slice: two-arg low-src MOV chain new-first aliases old-second old=6(pc=75,MOV src=0) old2=7(pc=77,MOV src=3) new=7(pc=77,MOV src=3)
[repack] proto=14 pc=28 reject existing FR2 slice: new-first writer matches old-second old=16(pc=25,MOV) old2=17(pc=27,KSTR) new=17(pc=27,KSTR)
[repack] proto=14 pc=37 accept existing FR2 slice [17,18]
[repack] slice fail pc=46 unresolved reg=21 range=[20,21]
[repack] simple-local pick pc=45 op=KSHORT def=20 range=[20,21]
[repack] simple-local missing reg=21 range=[20,21]
[repack] slice fail pc=57 target-at=54 range=[17,18]
[repack] simple-local pick pc=56 op=MOV def=17 range=[17,18]
[repack] simple-local pick pc=49 op=KSTR def=18 range=[17,18]
[repack] proto=14 pc=57 accept existing FR2 slice [17,18]
[repack] slice fail pc=66 target-at=54 range=[17,18]
[repack] simple-local pick pc=65 op=MOV def=17 range=[17,18]
[repack] simple-local pick pc=49 op=KSTR def=18 range=[17,18]
[repack] proto=14 pc=66 accept existing FR2 slice [17,18]
[repack] proto=14 pc=70 reject existing FR2 slice: first-arg seed old=16(pc=68,TGETS) new=17(pc=69,KSTR)
[repack] slice fail pc=79 unresolved reg=22 range=[22,22]
[repack] simple-local missing reg=22 range=[22,22]
[repack] slice fail pc=81 interference-at=79 op=CALL reg=20 range=[20,21]
[repack] simple-local pick pc=80 op=ADDNV def=20 range=[20,21]
[repack] simple-local pick pc=45 op=KSHORT def=21 range=[20,21]
[repack] proto=14 pc=81 accept existing FR2 slice [20,21]
[repack] slice fail pc=92 interference-at=86 op=CALL reg=19 range=[19,19]
[repack] readonly slice retry fail pc=92 write-at=86 op=CALL reg=19 range=[19,19]
[repack] simple-local pick pc=91 op=ADDVV def=19 range=[19,19]
[repack] slice fail pc=145 target-at=132 range=[20,21]
[repack] simple-local pick pc=144 op=TGETS def=20 range=[20,21]
[repack] simple-local pick pc=95 op=KSTR def=21 range=[20,21]
[repack] proto=14 pc=145 accept existing FR2 slice [20,21]
[repack] slice fail pc=151 target-at=132 range=[20,21]
[repack] simple-local pick pc=150 op=TGETS def=20 range=[20,21]
[repack] simple-local pick pc=95 op=KSTR def=21 range=[20,21]
[repack] proto=14 pc=151 accept existing FR2 slice [20,21]
[repack] slice fail pc=158 target-at=132 range=[20,21]
[repack] simple-local pick pc=157 op=SUBVV def=20 range=[20,21]
[repack] simple-local pick pc=95 op=KSTR def=21 range=[20,21]
[repack] proto=14 pc=158 accept existing FR2 slice [20,21]
[repack] slice fail pc=165 target-at=132 range=[20,21]
[repack] simple-local pick pc=164 op=MOV def=20 range=[20,21]
[repack] simple-local pick pc=95 op=KSTR def=21 range=[20,21]
[repack] proto=14 pc=165 accept existing FR2 slice [20,21]
[repack] proto=14 pc=182 reject existing FR2 slice: new-first writer matches old-second old=16(pc=180,MOV) old2=17(pc=181,KSTR) new=17(pc=181,KSTR)
[repack] slice fail pc=193 target-at=184 range=[12,13]
[repack] simple-local pick pc=192 op=MOV def=12 range=[12,13]
[repack] simple-local pick pc=174 op=TGETS def=13 range=[12,13]
[repack] proto=14 pc=193 accept existing FR2 slice [12,13]
[repack] proto=14 pc=202 reject existing FR2 slice: first-arg seed old=11(pc=200,TGETV) new=12(pc=201,KSTR)
[repack] slice fail pc=209 target-at=184 range=[13,14]
[repack] simple-local pick pc=208 op=MOV def=13 range=[13,14]
[repack] simple-local pick pc=177 op=CAT def=14 range=[13,14]
[repack] proto=14 pc=209 accept existing FR2 slice [13,14]
[repack] slice fail pc=219 target-at=214 range=[18,19]
[repack] simple-local pick pc=218 op=MOV def=18 range=[18,19]
[repack] simple-local pick pc=162 op=MOV def=19 range=[18,19]
[repack] proto=14 pc=219 accept existing FR2 slice [18,19]
[repack] slice fail pc=220 interference-at=219 op=CALL reg=16 range=[15,16]
[repack] readonly slice retry fail pc=220 read-at=219 op=CALL reg=16 range=[15,16]
[repack] simple-local pick pc=217 op=TGETS def=16 range=[15,16]
[repack] simple-local pick pc=179 op=TGETS def=15 range=[15,16]
[repack] slice fail pc=220 interference-at=219 op=CALL reg=16 range=[16,17]
[repack] simple-local pick pc=217 op=TGETS def=16 range=[16,17]
[repack] simple-local pick pc=216 op=MOV def=17 range=[16,17]
[repack] proto=14 pc=220 accept existing FR2 slice [16,17]
[repack] proto=14 pc=229 reject existing FR2 slice: new-first writer matches old-second old=11(pc=226,MOV) old2=12(pc=228,KSTR) new=12(pc=228,KSTR)
[repack] proto=14 pc=236 reject existing FR2 slice: new-first writer matches old-second old=11(pc=233,MOV) old2=12(pc=235,KSTR) new=12(pc=235,KSTR)
[repack] proto=14 pc=240 reject existing FR2 slice: two-arg low-src MOV chain new-first aliases old-second old=7(pc=237,MOV src=0) old2=8(pc=239,MOV src=3) new=8(pc=239,MOV src=3)
[repack] proto=15 pc=21 reject existing FR2 slice: two-arg low-src MOV chain new-first aliases old-second old=6(pc=19,MOV src=0) old2=7(pc=20,MOV src=1) new=7(pc=20,MOV src=1)
[repack] proto=15 pc=304 reject existing FR2 slice: first-arg seed old=11(pc=302,TGETV) new=12(pc=303,KSTR)
[repack] proto=15 pc=311 reject existing FR2 slice: new-first writer matches old-second old=7(pc=309,MOV) old2=8(pc=310,KSTR) new=8(pc=310,KSTR)
[repack] slice fail pc=17 unresolved reg=5 range=[4,5]
[repack] simple-local pick pc=16 op=MOV def=4 range=[4,5]
[repack] simple-local missing reg=5 range=[4,5]
[repack] proto=16 pc=27 reject existing FR2 slice: new-first writer matches old-second old=4(pc=25,MOV) old2=5(pc=26,KSTR) new=5(pc=26,KSTR)
[repack] slice fail pc=45 interference-at=44 op=CALL reg=9 range=[7,10]
[repack] simple-local pick pc=42 op=GGET def=9 range=[7,10]
[repack] simple-local pick pc=40 op=TGETB def=10 range=[7,10]
[repack] simple-local pick pc=39 op=GGET def=8 range=[7,10]
[repack] simple-local pick pc=38 op=TGETV def=7 range=[7,10]
[repack] simple-local reject pc=45 reg=8 nearest=41(CALL) not-selected range=[7,10]
[repack] slice fail pc=45 interference-at=44 op=CALL reg=9 range=[6,9]
[repack] readonly slice retry fail pc=45 write-at=44 op=CALL reg=9 range=[6,9]
[repack] simple-local pick pc=42 op=GGET def=9 range=[6,9]
[repack] simple-local pick pc=39 op=GGET def=8 range=[6,9]
[repack] simple-local pick pc=38 op=TGETV def=7 range=[6,9]
[repack] simple-local pick pc=35 op=MOV def=6 range=[6,9]
[repack] simple-local reject pc=45 reg=8 nearest=41(CALL) not-selected range=[6,9]
[repack] slice fail pc=45 interference-at=44 op=CALL reg=9 range=[7,10]
[repack] simple-local pick pc=42 op=GGET def=9 range=[7,10]
[repack] simple-local pick pc=40 op=TGETB def=10 range=[7,10]
[repack] simple-local pick pc=39 op=GGET def=8 range=[7,10]
[repack] simple-local pick pc=38 op=TGETV def=7 range=[7,10]
[repack] simple-local reject pc=45 reg=8 nearest=41(CALL) not-selected range=[7,10]
[repack] proto=16 pc=45 call-selfdef helper enter consumer=CALL producer=TGETB self=CALL producer_b=2 consumer_span=5 producer_c=2
[repack] proto=16 pc=45 call-method-basecopy helper enter consumer=CALL producer=CALL producer_b=2 consumer_span=5 producer_c=2
[repack] proto=16 pc=45 call-chain helper enter consumer=CALL producer=CALL producer_b=2 consumer_span=5 producer_c=2
[repack] slice fail pc=45 interference-at=41 op=CALL reg=8 range=[6,8]
[repack] readonly slice retry fail pc=45 write-at=41 op=CALL reg=8 range=[6,8]
[repack] proto=16 pc=45 tail-call chain slice reject blocker_pc=41 op=CALL reg=8
[repack] proto=16 pc=45 copy-fallback keep legacy-overlap reason=slice-select-fail old=[6,9] new=[7,10] base=5 nargs=4 b=2
[repack] proto=16 pc=45 copy-fallback reason=slice-select-fail insert_pc=45 count=4 range=[6,9]->[7,10] deferred=0
[rebuild] proto=16 insert_pc=45 old_proto_total=464 new_proto_total=480 old_payload=462 new_payload=478 debug_drop=123
[repack] proto=16 pc=17 accept existing FR2 slice [4,5]
[repack] proto=16 pc=27 accept existing FR2 slice [5,6]
[repack] proto=16 pc=41 accept existing FR2 slice [10,10]
[repack] proto=16 pc=44 accept existing FR2 slice [11,11]
[repack] slice fail pc=49 interference-at=44 op=CALL reg=9 range=[7,10]
[repack] simple-local pick pc=48 op=MOV def=7 range=[7,10]
[repack] simple-local pick pc=47 op=MOV def=8 range=[7,10]
[repack] simple-local pick pc=46 op=MOV def=9 range=[7,10]
[repack] simple-local pick pc=45 op=MOV def=10 range=[7,10]
[repack] proto=16 pc=49 accept existing FR2 slice [7,10]
[repack] slice fail pc=14 unresolved reg=9 range=[6,9]
[repack] simple-local pick pc=13 op=MOV def=8 range=[6,9]
[repack] simple-local pick pc=12 op=MOV def=7 range=[6,9]
[repack] simple-local pick pc=11 op=MOV def=6 range=[6,9]
[repack] simple-local missing reg=9 range=[6,9]
[repack] slice fail pc=22 target-at=17 range=[6,9]
[repack] simple-local pick pc=21 op=MOV def=8 range=[6,9]
[repack] simple-local pick pc=20 op=MOV def=7 range=[6,9]
[repack] simple-local pick pc=19 op=MOV def=6 range=[6,9]
[repack] simple-local pick pc=13 op=MOV def=9 range=[6,9]
[repack] proto=18 pc=22 accept existing FR2 slice [6,9]
[repack] slice fail pc=22 unresolved reg=5 range=[5,6]
[repack] slice fail pc=22 unresolved reg=7 range=[6,7]
[repack] simple-local pick pc=18 op=TGETV def=6 range=[6,7]
[repack] simple-local missing reg=7 range=[6,7]
[repack] proto=19 pc=22 copy-fallback retarget reason=paired-iterl-live-after target-entry insert_pc=21
[repack] proto=19 pc=22 copy-fallback spill reason=paired-iterl-live-after insert_pc=21 spill=9 first_touch=read pc=23 op=ITERL shift_count=2
[rebuild] proto=19 insert_pc=21 old_proto_total=660 new_proto_total=672 old_payload=658 new_payload=670 debug_drop=170
[repack] proto=19 pc=14 accept existing FR2 slice [3,3]
[repack] slice fail pc=25 unresolved reg=5 range=[5,6]
[repack] slice fail pc=25 interference-at=19 op=ISF reg=6 range=[6,7]
[repack] simple-local pick pc=23 op=MOV def=6 range=[6,7]
[repack] simple-local pick pc=22 op=MOV def=7 range=[6,7]
[repack] proto=19 pc=25 accept existing FR2 slice [6,7]
[repack] slice fail pc=85 unresolved reg=16 range=[15,16]
[repack] simple-local pick pc=84 op=KSTR def=15 range=[15,16]
[repack] simple-local missing reg=16 range=[15,16]
[repack] proto=20 pc=89 accept existing FR2 slice [15,16]
[repack] proto=20 pc=93 accept existing FR2 slice [15,16]
[repack] proto=20 pc=97 accept existing FR2 slice [15,16]
[repack] proto=20 pc=101 accept existing FR2 slice [15,16]
converted /mnt/d/Games/work/jygame_renew/gamedata/modcache/SSWS_HG/lua/luajit/migong.lua -> /mnt/d/Games/work/tolua_runtime/tmp/offline_regression_extendtalents2_realdmglog_fix/migong.lua.fr2.bin (11705 -> 11746 bytes, target_fr2=1)
